â–¿ 101 elements
  - "0.00 was scaled to: 0.00"
  - "1.00 was scaled to: 1.00"
  - "2.00 was scaled to: 2.00"
  - "3.00 was scaled to: 3.00"
  - "4.00 was scaled to: 4.00"
  - "5.00 was scaled to: 5.00"
  - "6.00 was scaled to: 6.00"
  - "7.00 was scaled to: 7.00"
  - "8.00 was scaled to: 8.00"
  - "9.00 was scaled to: 9.00"
  - "10.00 was scaled to: 10.00"
  - "11.00 was scaled to: 11.00"
  - "12.00 was scaled to: 12.00"
  - "13.00 was scaled to: 13.00"
  - "14.00 was scaled to: 14.00"
  - "15.00 was scaled to: 15.00"
  - "16.00 was scaled to: 16.00"
  - "17.00 was scaled to: 17.00"
  - "18.00 was scaled to: 18.00"
  - "19.00 was scaled to: 19.00"
  - "20.00 was scaled to: 20.00"
  - "21.00 was scaled to: 21.00"
  - "22.00 was scaled to: 22.00"
  - "23.00 was scaled to: 23.00"
  - "24.00 was scaled to: 24.00"
  - "25.00 was scaled to: 25.00"
  - "26.00 was scaled to: 26.00"
  - "27.00 was scaled to: 27.00"
  - "28.00 was scaled to: 28.00"
  - "29.00 was scaled to: 28.99"
  - "30.00 was scaled to: 30.00"
  - "31.00 was scaled to: 31.00"
  - "32.00 was scaled to: 32.00"
  - "33.00 was scaled to: 33.00"
  - "34.00 was scaled to: 34.00"
  - "35.00 was scaled to: 35.00"
  - "36.00 was scaled to: 36.00"
  - "37.00 was scaled to: 37.00"
  - "38.00 was scaled to: 38.00"
  - "39.00 was scaled to: 39.00"
  - "40.00 was scaled to: 40.00"
  - "41.00 was scaled to: 41.00"
  - "42.00 was scaled to: 42.00"
  - "43.00 was scaled to: 43.00"
  - "44.00 was scaled to: 44.00"
  - "45.00 was scaled to: 45.00"
  - "46.00 was scaled to: 46.00"
  - "47.00 was scaled to: 47.00"
  - "48.00 was scaled to: 48.00"
  - "49.00 was scaled to: 49.00"
  - "50.00 was scaled to: 50.00"
  - "51.00 was scaled to: 51.00"
  - "52.00 was scaled to: 52.00"
  - "53.00 was scaled to: 53.00"
  - "54.00 was scaled to: 54.00"
  - "55.00 was scaled to: 55.00"
  - "56.00 was scaled to: 56.00"
  - "57.00 was scaled to: 56.99"
  - "58.00 was scaled to: 57.99"
  - "59.00 was scaled to: 59.00"
  - "60.00 was scaled to: 60.00"
  - "61.00 was scaled to: 61.00"
  - "62.00 was scaled to: 62.00"
  - "63.00 was scaled to: 63.00"
  - "64.00 was scaled to: 64.00"
  - "65.00 was scaled to: 65.00"
  - "66.00 was scaled to: 66.00"
  - "67.00 was scaled to: 67.00"
  - "68.00 was scaled to: 68.00"
  - "69.00 was scaled to: 69.00"
  - "70.00 was scaled to: 70.00"
  - "71.00 was scaled to: 71.00"
  - "72.00 was scaled to: 72.00"
  - "73.00 was scaled to: 73.00"
  - "74.00 was scaled to: 74.00"
  - "75.00 was scaled to: 75.00"
  - "76.00 was scaled to: 76.00"
  - "77.00 was scaled to: 77.00"
  - "78.00 was scaled to: 78.00"
  - "79.00 was scaled to: 79.00"
  - "80.00 was scaled to: 80.00"
  - "81.00 was scaled to: 81.00"
  - "82.00 was scaled to: 82.00"
  - "83.00 was scaled to: 83.00"
  - "84.00 was scaled to: 84.00"
  - "85.00 was scaled to: 85.00"
  - "86.00 was scaled to: 86.00"
  - "87.00 was scaled to: 87.00"
  - "88.00 was scaled to: 88.00"
  - "89.00 was scaled to: 89.00"
  - "90.00 was scaled to: 90.00"
  - "91.00 was scaled to: 91.00"
  - "92.00 was scaled to: 92.00"
  - "93.00 was scaled to: 93.00"
  - "94.00 was scaled to: 94.00"
  - "95.00 was scaled to: 95.00"
  - "96.00 was scaled to: 96.00"
  - "97.00 was scaled to: 97.00"
  - "98.00 was scaled to: 98.00"
  - "99.00 was scaled to: 99.00"
  - "100.00 was scaled to: 100.00"
