â–¿ 21 elements
  - "80.00 was scaled to: 0.00"
  - "81.00 was scaled to: 5.00"
  - "82.00 was scaled to: 10.00"
  - "83.00 was scaled to: 15.00"
  - "84.00 was scaled to: 20.00"
  - "85.00 was scaled to: 25.00"
  - "86.00 was scaled to: 30.00"
  - "87.00 was scaled to: 35.00"
  - "88.00 was scaled to: 40.00"
  - "89.00 was scaled to: 45.00"
  - "90.00 was scaled to: 50.00"
  - "91.00 was scaled to: 55.00"
  - "92.00 was scaled to: 60.00"
  - "93.00 was scaled to: 65.00"
  - "94.00 was scaled to: 70.00"
  - "95.00 was scaled to: 75.00"
  - "96.00 was scaled to: 80.00"
  - "97.00 was scaled to: 85.00"
  - "98.00 was scaled to: 90.00"
  - "99.00 was scaled to: 95.00"
  - "100.00 was scaled to: 100.00"
