â–¿ 201 elements
  - "-100.00 was scaled to: 0.00"
  - "-99.00 was scaled to: 1.00"
  - "-98.00 was scaled to: 2.00"
  - "-97.00 was scaled to: 3.00"
  - "-96.00 was scaled to: 4.00"
  - "-95.00 was scaled to: 5.00"
  - "-94.00 was scaled to: 6.00"
  - "-93.00 was scaled to: 7.00"
  - "-92.00 was scaled to: 8.00"
  - "-91.00 was scaled to: 9.00"
  - "-90.00 was scaled to: 10.00"
  - "-89.00 was scaled to: 11.00"
  - "-88.00 was scaled to: 12.00"
  - "-87.00 was scaled to: 13.00"
  - "-86.00 was scaled to: 14.00"
  - "-85.00 was scaled to: 15.00"
  - "-84.00 was scaled to: 16.00"
  - "-83.00 was scaled to: 17.00"
  - "-82.00 was scaled to: 18.00"
  - "-81.00 was scaled to: 19.00"
  - "-80.00 was scaled to: 20.00"
  - "-79.00 was scaled to: 21.00"
  - "-78.00 was scaled to: 22.00"
  - "-77.00 was scaled to: 23.00"
  - "-76.00 was scaled to: 24.00"
  - "-75.00 was scaled to: 25.00"
  - "-74.00 was scaled to: 26.00"
  - "-73.00 was scaled to: 27.00"
  - "-72.00 was scaled to: 28.00"
  - "-71.00 was scaled to: 28.99"
  - "-70.00 was scaled to: 30.00"
  - "-69.00 was scaled to: 31.00"
  - "-68.00 was scaled to: 32.00"
  - "-67.00 was scaled to: 33.00"
  - "-66.00 was scaled to: 34.00"
  - "-65.00 was scaled to: 35.00"
  - "-64.00 was scaled to: 36.00"
  - "-63.00 was scaled to: 37.00"
  - "-62.00 was scaled to: 38.00"
  - "-61.00 was scaled to: 39.00"
  - "-60.00 was scaled to: 40.00"
  - "-59.00 was scaled to: 41.00"
  - "-58.00 was scaled to: 42.00"
  - "-57.00 was scaled to: 43.00"
  - "-56.00 was scaled to: 44.00"
  - "-55.00 was scaled to: 45.00"
  - "-54.00 was scaled to: 46.00"
  - "-53.00 was scaled to: 47.00"
  - "-52.00 was scaled to: 48.00"
  - "-51.00 was scaled to: 49.00"
  - "-50.00 was scaled to: 50.00"
  - "-49.00 was scaled to: 51.00"
  - "-48.00 was scaled to: 52.00"
  - "-47.00 was scaled to: 53.00"
  - "-46.00 was scaled to: 54.00"
  - "-45.00 was scaled to: 55.00"
  - "-44.00 was scaled to: 56.00"
  - "-43.00 was scaled to: 56.99"
  - "-42.00 was scaled to: 57.99"
  - "-41.00 was scaled to: 59.00"
  - "-40.00 was scaled to: 60.00"
  - "-39.00 was scaled to: 61.00"
  - "-38.00 was scaled to: 62.00"
  - "-37.00 was scaled to: 63.00"
  - "-36.00 was scaled to: 64.00"
  - "-35.00 was scaled to: 65.00"
  - "-34.00 was scaled to: 66.00"
  - "-33.00 was scaled to: 67.00"
  - "-32.00 was scaled to: 68.00"
  - "-31.00 was scaled to: 69.00"
  - "-30.00 was scaled to: 70.00"
  - "-29.00 was scaled to: 71.00"
  - "-28.00 was scaled to: 72.00"
  - "-27.00 was scaled to: 73.00"
  - "-26.00 was scaled to: 74.00"
  - "-25.00 was scaled to: 75.00"
  - "-24.00 was scaled to: 76.00"
  - "-23.00 was scaled to: 77.00"
  - "-22.00 was scaled to: 78.00"
  - "-21.00 was scaled to: 79.00"
  - "-20.00 was scaled to: 80.00"
  - "-19.00 was scaled to: 81.00"
  - "-18.00 was scaled to: 82.00"
  - "-17.00 was scaled to: 83.00"
  - "-16.00 was scaled to: 84.00"
  - "-15.00 was scaled to: 85.00"
  - "-14.00 was scaled to: 86.00"
  - "-13.00 was scaled to: 87.00"
  - "-12.00 was scaled to: 88.00"
  - "-11.00 was scaled to: 89.00"
  - "-10.00 was scaled to: 90.00"
  - "-9.00 was scaled to: 91.00"
  - "-8.00 was scaled to: 92.00"
  - "-7.00 was scaled to: 93.00"
  - "-6.00 was scaled to: 94.00"
  - "-5.00 was scaled to: 95.00"
  - "-4.00 was scaled to: 96.00"
  - "-3.00 was scaled to: 97.00"
  - "-2.00 was scaled to: 98.00"
  - "-1.00 was scaled to: 99.00"
  - "0.00 was scaled to: 100.00"
  - "1.00 was scaled to: 101.00"
  - "2.00 was scaled to: 102.00"
  - "3.00 was scaled to: 103.00"
  - "4.00 was scaled to: 104.00"
  - "5.00 was scaled to: 105.00"
  - "6.00 was scaled to: 106.00"
  - "7.00 was scaled to: 107.00"
  - "8.00 was scaled to: 108.00"
  - "9.00 was scaled to: 109.00"
  - "10.00 was scaled to: 110.00"
  - "11.00 was scaled to: 111.00"
  - "12.00 was scaled to: 112.00"
  - "13.00 was scaled to: 112.99"
  - "14.00 was scaled to: 113.99"
  - "15.00 was scaled to: 114.99"
  - "16.00 was scaled to: 115.99"
  - "17.00 was scaled to: 117.00"
  - "18.00 was scaled to: 118.00"
  - "19.00 was scaled to: 119.00"
  - "20.00 was scaled to: 120.00"
  - "21.00 was scaled to: 121.00"
  - "22.00 was scaled to: 122.00"
  - "23.00 was scaled to: 123.00"
  - "24.00 was scaled to: 124.00"
  - "25.00 was scaled to: 125.00"
  - "26.00 was scaled to: 126.00"
  - "27.00 was scaled to: 127.00"
  - "28.00 was scaled to: 128.00"
  - "29.00 was scaled to: 129.00"
  - "30.00 was scaled to: 130.00"
  - "31.00 was scaled to: 131.00"
  - "32.00 was scaled to: 132.00"
  - "33.00 was scaled to: 133.00"
  - "34.00 was scaled to: 134.00"
  - "35.00 was scaled to: 135.00"
  - "36.00 was scaled to: 136.00"
  - "37.00 was scaled to: 137.00"
  - "38.00 was scaled to: 138.00"
  - "39.00 was scaled to: 139.00"
  - "40.00 was scaled to: 140.00"
  - "41.00 was scaled to: 141.00"
  - "42.00 was scaled to: 142.00"
  - "43.00 was scaled to: 143.00"
  - "44.00 was scaled to: 144.00"
  - "45.00 was scaled to: 145.00"
  - "46.00 was scaled to: 146.00"
  - "47.00 was scaled to: 147.00"
  - "48.00 was scaled to: 148.00"
  - "49.00 was scaled to: 149.00"
  - "50.00 was scaled to: 150.00"
  - "51.00 was scaled to: 151.00"
  - "52.00 was scaled to: 152.00"
  - "53.00 was scaled to: 153.00"
  - "54.00 was scaled to: 154.00"
  - "55.00 was scaled to: 155.00"
  - "56.00 was scaled to: 156.00"
  - "57.00 was scaled to: 157.00"
  - "58.00 was scaled to: 158.00"
  - "59.00 was scaled to: 159.00"
  - "60.00 was scaled to: 160.00"
  - "61.00 was scaled to: 161.00"
  - "62.00 was scaled to: 162.00"
  - "63.00 was scaled to: 163.00"
  - "64.00 was scaled to: 164.00"
  - "65.00 was scaled to: 165.00"
  - "66.00 was scaled to: 166.00"
  - "67.00 was scaled to: 167.00"
  - "68.00 was scaled to: 168.00"
  - "69.00 was scaled to: 169.00"
  - "70.00 was scaled to: 170.00"
  - "71.00 was scaled to: 171.00"
  - "72.00 was scaled to: 172.00"
  - "73.00 was scaled to: 173.00"
  - "74.00 was scaled to: 174.00"
  - "75.00 was scaled to: 175.00"
  - "76.00 was scaled to: 176.00"
  - "77.00 was scaled to: 177.00"
  - "78.00 was scaled to: 178.00"
  - "79.00 was scaled to: 179.00"
  - "80.00 was scaled to: 180.00"
  - "81.00 was scaled to: 181.00"
  - "82.00 was scaled to: 182.00"
  - "83.00 was scaled to: 183.00"
  - "84.00 was scaled to: 184.00"
  - "85.00 was scaled to: 185.00"
  - "86.00 was scaled to: 186.00"
  - "87.00 was scaled to: 187.00"
  - "88.00 was scaled to: 188.00"
  - "89.00 was scaled to: 189.00"
  - "90.00 was scaled to: 190.00"
  - "91.00 was scaled to: 191.00"
  - "92.00 was scaled to: 192.00"
  - "93.00 was scaled to: 193.00"
  - "94.00 was scaled to: 194.00"
  - "95.00 was scaled to: 195.00"
  - "96.00 was scaled to: 196.00"
  - "97.00 was scaled to: 197.00"
  - "98.00 was scaled to: 198.00"
  - "99.00 was scaled to: 199.00"
  - "100.00 was scaled to: 200.00"
